.ui-tabs{padding:0;}.mobile-nav-select.input-container{margin:20px;}.mobile-nav-select.input-container.bordered{background-color:#f53;padding:20px0;border-top:1pxsolid#eee;border-bottom:1pxsolid#bee;}.mobile-nav-select.input-container.wide{margin-left:-10px;margin-right:-10px;padding:10px;}.mobile-nav-select.input-container.custom-select.jq-selectbox__select{background-color:#fff;color:#006564;font-weight:600;}